Loading full SIFT1M base + first 1000 queries from /workspace/rql-repro/datasets/cache/sift1m
Loaded xb=(1000000, 128) queries=(1000, 128) in 2.3s
Building Flat GT index on n=1000000 d=128 …
  Flat ready in 0.5s
Building HNSW32 (M=32, efC=200) …
  HNSW ready in 71.2s; ntotal=1000000
selectivity=0.01 n_true=10064 — computing filtered Flat GT …
  GT in 0.4s
  mode=PRE …
    recall@10=0.536 p50=0.233ms p95=0.3076ms qps=4283.6297
  mode=POST …
    recall@10=0.5142 p50=1.5985ms p95=1.9357ms qps=606.3475
selectivity=0.05 n_true=49833 — computing filtered Flat GT …
  GT in 0.7s
  mode=PRE …
    recall@10=0.8247 p50=0.2358ms p95=0.3619ms qps=4159.0241
  mode=POST …
    recall@10=0.9963 p50=1.5493ms p95=2.0319ms qps=652.3883
selectivity=0.1 n_true=100124 — computing filtered Flat GT …
  GT in 1.6s
  mode=PRE …
    recall@10=0.8969 p50=0.2353ms p95=0.3107ms qps=4256.4356
  mode=POST …
    recall@10=0.9983 p50=1.4899ms p95=1.769ms qps=691.7842
selectivity=0.5 n_true=500233 — computing filtered Flat GT …
  GT in 5.3s
  mode=PRE …
    recall@10=0.9685 p50=0.2344ms p95=0.2863ms qps=4367.7584
  mode=POST …
    recall@10=0.9998 p50=1.4738ms p95=1.7681ms qps=697.6656
Wrote results under /workspace/rql-repro/results/fanns/sift1m_faiss_HNSW32_20260917_022017 (total wall 86.9s)
Copied to research: /workspace/rag-vector-query-lang/experiments/results/fanns/sift1m_faiss_HNSW32_20260917_022017
Done.

selectivity mode recall@10 p50_ms p95_ms qps
 0.01 PRE  0.5360 0.233 0.308 4283.63
 0.01 POST 0.5142 1.599 1.936 606.35
 0.05 PRE  0.8247 0.236 0.362 4159.02
 0.05 POST 0.9963 1.549 2.032 652.39
  0.1 PRE  0.8969 0.235 0.311 4256.44
  0.1 POST 0.9983 1.490 1.769 691.78
  0.5 PRE  0.9685 0.234 0.286 4367.76
  0.5 POST 0.9998 1.474 1.768 697.67
